Microchip MPLAB XC8 Compiler V1.35 ()

Linker command line:

-W-3 --edf=C:\Program Files (x86)\Microchip\xc8\v1.35\dat\en_msgs.txt -cs \
  -h+dist/default/production\DHT22Library.X.production.sym \
  --cmf=dist/default/production\DHT22Library.X.production.cmf -z -Q18F4620 \
  -oC:\Users\c1039213\AppData\Local\Temp\sdq8.2 \
  -Mdist/default/production/DHT22Library.X.production.map -E1 -ver=XC8 \
  -ASTACK=0188h-0f7fh -pstack=STACK -ACODE=00h-0FFFFh -ACONST=00h-0FFFFh \
  -ASMALLCONST=01000h-010FFhx240 -AMEDIUMCONST=01000h-0FFFFh \
  -ACOMRAM=01h-07Fh -AABS1=00h-0F7Fh -ABIGRAM=01h-0F7Fh \
  -ARAM=080h-0FFh,0100h-01FFhx14,0F00h-0F7Fh -ABANK0=080h-0FFh \
  -ABANK1=0100h-01FFh -ABANK2=0200h-02FFh -ABANK3=0300h-03FFh \
  -ABANK4=0400h-04FFh -ABANK5=0500h-05FFh -ABANK6=0600h-06FFh \
  -ABANK7=0700h-07FFh -ABANK8=0800h-08FFh -ABANK9=0900h-09FFh \
  -ABANK10=0A00h-0AFFh -ABANK11=0B00h-0BFFh -ABANK12=0C00h-0CFFh \
  -ABANK13=0D00h-0DFFh -ABANK14=0E00h-0EFFh -ABANK15=0F00h-0F7Fh \
  -ASFR=0F80h-0FFFh -preset_vec=00h,intcode,intcodelo,powerup,init,end_init \
  -pramtop=01000h -psmallconst=SMALLCONST -pmediumconst=MEDIUMCONST \
  -pconst=CONST -AFARRAM=00h-00h -ACONFIG=0300000h-030000Dh -pconfig=CONFIG \
  -AIDLOC=0200000h-0200007h -pidloc=IDLOC -AEEDATA=0F00000h-0F003FFh \
  -peeprom_data=EEDATA \
  -prdata=COMRAM,nvrram=COMRAM,nvbit=COMRAM,rbss=COMRAM,rbit=COMRAM \
  -pfarbss=FARRAM,fardata=FARRAM,nvFARRAM=FARRAM \
  -pintsave_regs=BIGRAM,bigbss=BIGRAM,bigdata=BIGRAM -pbss=RAM \
  -pidata=CODE,irdata=CODE,ibigdata=CODE,ifardata=CODE -prparam=COMRAM \
  C:\Users\c1039213\AppData\Local\Temp\sdq8.obj \
  dist/default/production\DHT22Library.X.production.obj 

Object code version is 3.11

Machine type is 18F4620

Call graph: (short form)




                Name                               Link     Load   Length Selector   Space Scale
C:\Users\c1039213\AppData\Local\Temp\sdq8.obj
                end_init                              0        0        4        0       0
                idloc                            200000   200000        8   200000       0
                config                           300000   300000        E   300000       0
dist/default/production\DHT22Library.X.production.obj
                smallconst                         1000     1000       AC      800       0
                text31                             2C22     2C22       16      856       0
                text30                             299A     299A       60      856       0
                text29                             2BC0     2BC0       24      856       0
                text28                             2C38     2C38       12      856       0
                text27                             2A96     2A96       40      856       0
                text26                             2580     2580       AE      856       0
                text25                             2B10     2B10       38      856       0
                text24                             249A     249A       E6      856       0
                text23                             2BE4     2BE4       20      856       0
                text22                             2B48     2B48       2E      856       0
                text21                             28CC     28CC       68      856       0
                text20                             23B4     23B4       E6      856       0
                text19                             26C6     26C6       90      856       0
                text18                             2B9C     2B9C       24      856       0
                text17                             1DC6     1DC6      1AC      856       0
                text16                             2A56     2A56       40      856       0
                text15                             22C0     22C0       F4      856       0
                text14                             27DA     27DA       82      856       0
                text13                             2934     2934       66      856       0
                text12                             29FA     29FA       5C      856       0
                text11                             20A4     20A4      128      856       0
                text10                             1F72     1F72      132      856       0
                text9                              2756     2756       84      856       0
                text8                              285C     285C       70      856       0
                text7                              21CC     21CC       F4      856       0
                text6                              2B76     2B76       26      856       0
                text5                              1B80     1B80      246      856       0
                text4                              2C04     2C04       1E      856       0
                text3                              1790     1790      3F0      856       0
                text2                              10AC     10AC      6E4      856       0
                text1                              2AD6     2AD6       3A      856       0
                text0                              262E     262E       98      856       0
                cstackCOMRAM                          1        1       67        1       1
                cstackBANK1                         100      100       88      100       1
                bssCOMRAM                            68       68        1        1       1
                cinit                              2C4A     2C4A        C      856       0

TOTAL           Name                               Link     Load   Length     Space
        CLASS   STACK          

        CLASS   CODE           
                end_init                              0        0        4         0
                text31                             2C22     2C22       16         0
                text30                             299A     299A       60         0
                text29                             2BC0     2BC0       24         0
                text28                             2C38     2C38       12         0
                text27                             2A96     2A96       40         0
                text26                             2580     2580       AE         0
                text25                             2B10     2B10       38         0
                text24                             249A     249A       E6         0
                text23                             2BE4     2BE4       20         0
                text22                             2B48     2B48       2E         0
                text21                             28CC     28CC       68         0
                text20                             23B4     23B4       E6         0
                text19                             26C6     26C6       90         0
                text18                             2B9C     2B9C       24         0
                text17                             1DC6     1DC6      1AC         0
                text16                             2A56     2A56       40         0
                text15                             22C0     22C0       F4         0
                text14                             27DA     27DA       82         0
                text13                             2934     2934       66         0
                text12                             29FA     29FA       5C         0
                text11                             20A4     20A4      128         0
                text10                             1F72     1F72      132         0
                text9                              2756     2756       84         0
                text8                              285C     285C       70         0
                text7                              21CC     21CC       F4         0
                text6                              2B76     2B76       26         0
                text5                              1B80     1B80      246         0
                text4                              2C04     2C04       1E         0
                text3                              1790     1790      3F0         0
                text2                              10AC     10AC      6E4         0
                text1                              2AD6     2AD6       3A         0
                text0                              262E     262E       98         0
                cinit                              2C4A     2C4A        C         0

        CLASS   CONST          

        CLASS   SMALLCONST     
                smallconst                         1000     1000       AC         0

        CLASS   MEDIUMCONST    

        CLASS   COMRAM         
                cstackCOMRAM                          1        1       67         1
                bssCOMRAM                            68       68        1         1

        CLASS   ABS1           

        CLASS   BIGRAM         

        CLASS   RAM            

        CLASS   BANK0          

        CLASS   BANK1          
                cstackBANK1                         100      100       88         1

        CLASS   BANK2          

        CLASS   BANK3          

        CLASS   BANK4          

        CLASS   BANK5          

        CLASS   BANK6          

        CLASS   BANK7          

        CLASS   BANK8          

        CLASS   BANK9          

        CLASS   BANK10         

        CLASS   BANK11         

        CLASS   BANK12         

        CLASS   BANK13         

        CLASS   BANK14         

        CLASS   BANK15         

        CLASS   SFR            

        CLASS   FARRAM         

        CLASS   CONFIG         
                config                           300000   300000        E         0

        CLASS   IDLOC          
                idloc                            200000   200000        8         0

        CLASS   EEDATA         



SEGMENTS        Name                           Load    Length   Top    Selector   Space  Class

                reset_vec                      000000  000004  000004         0       0  CODE    
                cstackCOMRAM                   000001  000068  000069         1       1  COMRAM  
                cstackBANK1                    000100  000088  000188       100       1  BANK1   
                smallconst                     001000  0000AC  0010AC       800       0  SMALLCON
                text2                          0010AC  001BAA  002C56       856       0  CODE    
                idloc                          200000  000008  200008    200000       0  IDLOC   
                config                         300000  00000E  30000E    300000       0  CONFIG  


UNUSED ADDRESS RANGES

        Name                Unused          Largest block    Delta
        BANK0            000080-0000FF               80
        BANK1            000188-0001FF               78
        BANK10           000A00-000AFF              100
        BANK11           000B00-000BFF              100
        BANK12           000C00-000CFF              100
        BANK13           000D00-000DFF              100
        BANK14           000E00-000EFF              100
        BANK15           000F00-000F7F               80
        BANK2            000200-0002FF              100
        BANK3            000300-0003FF              100
        BANK4            000400-0004FF              100
        BANK5            000500-0005FF              100
        BANK6            000600-0006FF              100
        BANK7            000700-0007FF              100
        BANK8            000800-0008FF              100
        BANK9            000900-0009FF              100
        BIGRAM           000069-0000FF               97
                         000188-000F7F              DF8
        CODE             000004-000FFF              FFC
                         002C56-00FFFF             D3AA
        COMRAM           000069-00007F               17
        CONST            000004-000FFF              FFC
                         002C56-00FFFF             D3AA
        EEDATA           F00000-F003FF              400
        MEDIUMCONST      002C56-00FFFF             D3AA
        RAM              000080-0000FF               80
                         000188-000F7F              100
        SFR              000F80-000FFF               80
        SMALLCONST       002C56-00FFFF              100
        STACK            000188-000F7F              DF8

                                  Symbol Table

?___awdiv                  cstackCOMRAM 000007
?___awmod                  cstackCOMRAM 000001
?___awtoft                 cstackCOMRAM 000009
?___ftadd                  cstackCOMRAM 00002E
?___ftdiv                  cstackCOMRAM 00000D
?___ftmul                  cstackCOMRAM 000015
?___ftneg                  cstackCOMRAM 000001
?___ftpack                 cstackCOMRAM 000001
?___ftsub                  cstackCOMRAM 00003A
?___fttol                  cstackCOMRAM 00002B
?___lldiv                  cstackCOMRAM 000001
?___llmod                  cstackCOMRAM 000001
?___lltoft                 cstackCOMRAM 000009
?___wmul                   cstackCOMRAM 00000F
?__div_to_l_               cstackCOMRAM 000001
?__tdiv_to_l_              cstackCOMRAM 000001
?_fround                   cstackCOMRAM 000024
?_scale                    cstackCOMRAM 000024
?_sprintf                  cstackCOMRAM 000040
?_strlen                   cstackCOMRAM 000001
Delay10KTCYx@unit          cstackCOMRAM 000002
OpenUSART@config           cstackCOMRAM 000003
OpenUSART@spbrg            cstackCOMRAM 000001
USARTOut@bytes             cstackCOMRAM 000009
USARTOut@data              cstackCOMRAM 000007
USARTOut@i                 cstackCOMRAM 00000D
WriteUSART@data            cstackCOMRAM 000001
_ADCON0                    (abs)        000FC2
_Delay10KTCYx              text31       002C22
_Init_IO                   text29       002BC0
_OSCCON                    (abs)        000FD3
_OpenUSART                 text30       00299A
_PIE1bits                  (abs)        000F9D
_PIR1bits                  (abs)        000F9E
_PORTA                     (abs)        000F80
_PORTDbits                 (abs)        000F83
_RCSTA                     (abs)        000FAB
_RCSTAbits                 (abs)        000FAB
_SPBRG                     (abs)        000FAF
_SPBRGH                    (abs)        000FB0
_TRISA                     (abs)        000F92
_TRISCbits                 (abs)        000F94
_TRISD                     (abs)        000F95
_TRISDbits                 (abs)        000F95
_TXREG                     (abs)        000FAD
_TXSTA                     (abs)        000FAC
_TXSTAbits                 (abs)        000FAC
_USARTOut                  text27       002A96
_USART_Status              bssCOMRAM    000068
_WriteUSART                text28       002C38
__CFG_BOREN$SBORDIS        (abs)        000000
__CFG_BORV$3               (abs)        000000
__CFG_CCP2MX$PORTC         (abs)        000000
__CFG_CP0$OFF              (abs)        000000
__CFG_CP1$OFF              (abs)        000000
__CFG_CP2$OFF              (abs)        000000
__CFG_CP3$OFF              (abs)        000000
__CFG_CPB$OFF              (abs)        000000
__CFG_CPD$OFF              (abs)        000000
__CFG_EBTR0$OFF            (abs)        000000
__CFG_EBTR1$OFF            (abs)        000000
__CFG_EBTR2$OFF            (abs)        000000
__CFG_EBTR3$OFF            (abs)        000000
__CFG_EBTRB$OFF            (abs)        000000
__CFG_FCMEN$OFF            (abs)        000000
__CFG_IESO$OFF             (abs)        000000
__CFG_LPT1OSC$OFF          (abs)        000000
__CFG_LVP$OFF              (abs)        000000
__CFG_MCLRE$ON             (abs)        000000
__CFG_OSC$HS               (abs)        000000
__CFG_PBADEN$ON            (abs)        000000
__CFG_PWRT$OFF             (abs)        000000
__CFG_STVREN$ON            (abs)        000000
__CFG_WDT$OFF              (abs)        000000
__CFG_WDTPS$32768          (abs)        000000
__CFG_WRT0$OFF             (abs)        000000
__CFG_WRT1$OFF             (abs)        000000
__CFG_WRT2$OFF             (abs)        000000
__CFG_WRT3$OFF             (abs)        000000
__CFG_WRTB$OFF             (abs)        000000
__CFG_WRTC$OFF             (abs)        000000
__CFG_WRTD$OFF             (abs)        000000
__CFG_XINST$OFF            (abs)        000000
__HRAM                     (abs)        000000
__Habs1                    abs1         000000
__Hbank0                   bank0        000000
__Hbank1                   bank1        000000
__Hbank10                  bank10       000000
__Hbank11                  bank11       000000
__Hbank12                  bank12       000000
__Hbank13                  bank13       000000
__Hbank14                  bank14       000000
__Hbank15                  bank15       000000
__Hbank2                   bank2        000000
__Hbank3                   bank3        000000
__Hbank4                   bank4        000000
__Hbank5                   bank5        000000
__Hbank6                   bank6        000000
__Hbank7                   bank7        000000
__Hbank8                   bank8        000000
__Hbank9                   bank9        000000
__Hbigbss                  bigbss       000000
__Hbigdata                 bigdata      000000
__Hbigram                  bigram       000000
__Hbss                     bss          000000
__HbssCOMRAM               bssCOMRAM    000000
__Hcinit                   cinit        000000
__Hclrtext                 clrtext      000000
__Hcomram                  comram       000000
__Hconfig                  config       30000E
__Hconst                   const        000000
__HcstackBANK1             cstackBANK1  000000
__HcstackCOMRAM            cstackCOMRAM 000000
__Hdata                    data         000000
__Heeprom_data             eeprom_data  000000
__Hend_init                end_init     000004
__Hfarbss                  farbss       000000
__Hfardata                 fardata      000000
__Hibigdata                ibigdata     000000
__Hidata                   idata        000000
__Hidloc                   idloc        200008
__Hifardata                ifardata     000000
__Hinit                    init         000000
__Hintcode                 intcode      000000
__Hintcode_body            intcode_body 000000
__Hintcodelo               intcodelo    000000
__Hintentry                intentry     000000
__Hintret                  intret       000000
__Hintsave_regs            intsave_regs 000000
__Hirdata                  irdata       000000
__Hmediumconst             mediumconst  000000
__HnvFARRAM                nvFARRAM     000000
__Hnvbit                   nvbit        000000
__Hnvrram                  nvrram       000000
__Hparam                   rparam       000000
__Hpowerup                 powerup      000000
__Hram                     ram          000000
__Hramtop                  ramtop       001000
__Hrbit                    rbit         000000
__Hrbss                    rbss         000000
__Hrdata                   rdata        000000
__Hreset_vec               reset_vec    000000
__Hrparam                  rparam       000000
__Hsfr                     sfr          000000
__Hsmallconst              smallconst   0010AC
__Hspace_0                 (abs)        30000E
__Hspace_1                 (abs)        000188
__Hspace_2                 (abs)        000000
__Hstack                   stack        000000
__Hstruct                  struct       000000
__Htemp                    temp         000000
__Htext                    text         000000
__Htext0                   text0        000000
__Htext1                   text1        000000
__Htext10                  text10       000000
__Htext11                  text11       000000
__Htext12                  text12       000000
__Htext13                  text13       000000
__Htext14                  text14       000000
__Htext15                  text15       000000
__Htext16                  text16       000000
__Htext17                  text17       000000
__Htext18                  text18       000000
__Htext19                  text19       000000
__Htext2                   text2        000000
__Htext20                  text20       000000
__Htext21                  text21       000000
__Htext22                  text22       000000
__Htext23                  text23       000000
__Htext24                  text24       000000
__Htext25                  text25       000000
__Htext26                  text26       000000
__Htext27                  text27       000000
__Htext28                  text28       000000
__Htext29                  text29       000000
__Htext3                   text3        000000
__Htext30                  text30       000000
__Htext31                  text31       000000
__Htext4                   text4        000000
__Htext5                   text5        000000
__Htext6                   text6        000000
__Htext7                   text7        000000
__Htext8                   text8        000000
__Htext9                   text9        000000
__LRAM                     (abs)        000001
__Labs1                    abs1         000000
__Lbank0                   bank0        000000
__Lbank1                   bank1        000000
__Lbank10                  bank10       000000
__Lbank11                  bank11       000000
__Lbank12                  bank12       000000
__Lbank13                  bank13       000000
__Lbank14                  bank14       000000
__Lbank15                  bank15       000000
__Lbank2                   bank2        000000
__Lbank3                   bank3        000000
__Lbank4                   bank4        000000
__Lbank5                   bank5        000000
__Lbank6                   bank6        000000
__Lbank7                   bank7        000000
__Lbank8                   bank8        000000
__Lbank9                   bank9        000000
__Lbigbss                  bigbss       000000
__Lbigdata                 bigdata      000000
__Lbigram                  bigram       000000
__Lbss                     bss          000000
__LbssCOMRAM               bssCOMRAM    000000
__Lcinit                   cinit        000000
__Lclrtext                 clrtext      000000
__Lcomram                  comram       000000
__Lconfig                  config       300000
__Lconst                   const        000000
__LcstackBANK1             cstackBANK1  000000
__LcstackCOMRAM            cstackCOMRAM 000000
__Ldata                    data         000000
__Leeprom_data             eeprom_data  000000
__Lend_init                end_init     000000
__Lfarbss                  farbss       000000
__Lfardata                 fardata      000000
__Libigdata                ibigdata     000000
__Lidata                   idata        000000
__Lidloc                   idloc        200000
__Lifardata                ifardata     000000
__Linit                    init         000000
__Lintcode                 intcode      000000
__Lintcode_body            intcode_body 000000
__Lintcodelo               intcodelo    000000
__Lintentry                intentry     000000
__Lintret                  intret       000000
__Lintsave_regs            intsave_regs 000000
__Lirdata                  irdata       000000
__Lmediumconst             mediumconst  000000
__LnvFARRAM                nvFARRAM     000000
__Lnvbit                   nvbit        000000
__Lnvrram                  nvrram       000000
__Lparam                   rparam       000000
__Lpowerup                 powerup      000000
__Lram                     ram          000000
__Lramtop                  ramtop       001000
__Lrbit                    rbit         000000
__Lrbss                    rbss         000000
__Lrdata                   rdata        000000
__Lreset_vec               reset_vec    000000
__Lrparam                  rparam       000000
__Lsfr                     sfr          000000
__Lsmallconst              smallconst   001000
__Lspace_0                 (abs)        000000
__Lspace_1                 (abs)        000000
__Lspace_2                 (abs)        000000
__Lstack                   stack        000000
__Lstruct                  struct       000000
__Ltemp                    temp         000000
__Ltext                    text         000000
__Ltext0                   text0        000000
__Ltext1                   text1        000000
__Ltext10                  text10       000000
__Ltext11                  text11       000000
__Ltext12                  text12       000000
__Ltext13                  text13       000000
__Ltext14                  text14       000000
__Ltext15                  text15       000000
__Ltext16                  text16       000000
__Ltext17                  text17       000000
__Ltext18                  text18       000000
__Ltext19                  text19       000000
__Ltext2                   text2        000000
__Ltext20                  text20       000000
__Ltext21                  text21       000000
__Ltext22                  text22       000000
__Ltext23                  text23       000000
__Ltext24                  text24       000000
__Ltext25                  text25       000000
__Ltext26                  text26       000000
__Ltext27                  text27       000000
__Ltext28                  text28       000000
__Ltext29                  text29       000000
__Ltext3                   text3        000000
__Ltext30                  text30       000000
__Ltext31                  text31       000000
__Ltext4                   text4        000000
__Ltext5                   text5        000000
__Ltext6                   text6        000000
__Ltext7                   text7        000000
__Ltext8                   text8        000000
__Ltext9                   text9        000000
__S0                       (abs)        30000E
__S1                       (abs)        000188
__S2                       (abs)        000000
___awdiv                   text9        002756
___awdiv@counter           cstackCOMRAM 00000B
___awdiv@dividend          cstackCOMRAM 000007
___awdiv@divisor           cstackCOMRAM 000009
___awdiv@quotient          cstackCOMRAM 00000D
___awdiv@sign              cstackCOMRAM 00000C
___awmod                   text8        00285C
___awmod@counter           cstackCOMRAM 000005
___awmod@dividend          cstackCOMRAM 000001
___awmod@divisor           cstackCOMRAM 000003
___awmod@sign              cstackCOMRAM 000006
___awtoft                  text25       002B10
___awtoft@c                cstackCOMRAM 000009
___awtoft@sign             cstackCOMRAM 00000C
___ftadd                   text17       001DC6
___ftadd@exp1              cstackCOMRAM 000039
___ftadd@exp2              cstackCOMRAM 000038
___ftadd@f1                cstackCOMRAM 00002E
___ftadd@f2                cstackCOMRAM 000031
___ftadd@sign              cstackCOMRAM 000037
___ftdiv                   text24       00249A
___ftdiv@cntr              cstackCOMRAM 000016
___ftdiv@exp               cstackCOMRAM 00001A
___ftdiv@f1                cstackCOMRAM 00000D
___ftdiv@f2                cstackCOMRAM 000010
___ftdiv@f3                cstackCOMRAM 000017
___ftdiv@sign              cstackCOMRAM 00001B
___ftge                    text19       0026C6
___ftge@ff1                cstackCOMRAM 000001
___ftge@ff2                cstackCOMRAM 000004
___ftmul                   text7        0021CC
___ftmul@cntr              cstackCOMRAM 000022
___ftmul@exp               cstackCOMRAM 00001E
___ftmul@f1                cstackCOMRAM 000015
___ftmul@f2                cstackCOMRAM 000018
___ftmul@f3_as_product     cstackCOMRAM 00001F
___ftmul@sign              cstackCOMRAM 000023
___ftneg                   text18       002B9C
___ftneg@f1                cstackCOMRAM 000001
___ftpack                  text26       002580
___ftpack@arg              cstackCOMRAM 000001
___ftpack@exp              cstackCOMRAM 000004
___ftpack@sign             cstackCOMRAM 000005
___ftsub                   text16       002A56
___ftsub@f1                cstackCOMRAM 00003A
___ftsub@f2                cstackCOMRAM 00003D
___fttol                   text15       0022C0
___fttol@exp1              cstackCOMRAM 000039
___fttol@f1                cstackCOMRAM 00002B
___fttol@lval              cstackCOMRAM 000035
___fttol@sign1             cstackCOMRAM 000034
___inthi_sp                stack        000000
___intlo_sp                stack        000000
___lldiv                   text14       0027DA
___lldiv@counter           cstackCOMRAM 00000D
___lldiv@dividend          cstackCOMRAM 000001
___lldiv@divisor           cstackCOMRAM 000005
___lldiv@quotient          cstackCOMRAM 000009
___llmod                   text13       002934
___llmod@counter           cstackCOMRAM 000009
___llmod@dividend          cstackCOMRAM 000001
___llmod@divisor           cstackCOMRAM 000005
___lltoft                  text12       0029FA
___lltoft@c                cstackCOMRAM 000009
___lltoft@exp              cstackCOMRAM 000011
___param_bank              (abs)        000010
___rparam_used             (abs)        000001
___sp                      stack        000000
___wmul                    text6        002B76
___wmul@multiplicand       cstackCOMRAM 000011
___wmul@multiplier         cstackCOMRAM 00000F
___wmul@product            cstackCOMRAM 000013
__accesstop                (abs)        000080
__activetblptr             (abs)        000002
__div_to_l_                text11       0020A4
__div_to_l_@cntr           cstackCOMRAM 00000B
__div_to_l_@exp1           cstackCOMRAM 00000C
__div_to_l_@f1             cstackCOMRAM 000001
__div_to_l_@f2             cstackCOMRAM 000004
__div_to_l_@quot           cstackCOMRAM 000007
__end_of_Delay10KTCYx      text31       002C38
__end_of_Init_IO           text29       002BE4
__end_of_OpenUSART         text30       0029FA
__end_of_USARTOut          text27       002AD6
__end_of_WriteUSART        text28       002C4A
__end_of___awdiv           text9        0027DA
__end_of___awmod           text8        0028CC
__end_of___awtoft          text25       002B48
__end_of___ftadd           text17       001F72
__end_of___ftdiv           text24       002580
__end_of___ftge            text19       002756
__end_of___ftmul           text7        0022C0
__end_of___ftneg           text18       002BC0
__end_of___ftpack          text26       00262E
__end_of___ftsub           text16       002A96
__end_of___fttol           text15       0023B4
__end_of___lldiv           text14       00285C
__end_of___llmod           text13       00299A
__end_of___lltoft          text12       002A56
__end_of___wmul            text6        002B9C
__end_of__div_to_l_        text11       0021CC
__end_of__initialization   cinit        002C4C
__end_of__npowers_         smallconst   001050
__end_of__powers_          smallconst   001077
__end_of__tdiv_to_l_       text10       0020A4
__end_of_dht22_inizialize  text23       002C04
__end_of_dht22_response    text22       002B76
__end_of_dpowers           smallconst   001029
__end_of_fround            text5        001DC6
__end_of_isdigit           text4        002C22
__end_of_main              text0        0026C6
__end_of_readValues        text20       00249A
__end_of_read_data         text21       002934
__end_of_scale             text3        001B80
__end_of_sprintf           text2        001790
__end_of_strlen            text1        002B10
__initialization           cinit        002C4A
__mediumconst              mediumconst  000000
__npowers_                 smallconst   001029
__pbssCOMRAM               bssCOMRAM    000068
__pcinit                   cinit        002C4A
__pcstackBANK1             cstackBANK1  000100
__pcstackCOMRAM            cstackCOMRAM 000001
__powers_                  smallconst   001050
__psmallconst              smallconst   001000
__ptext0                   text0        00262E
__ptext1                   text1        002AD6
__ptext10                  text10       001F72
__ptext11                  text11       0020A4
__ptext12                  text12       0029FA
__ptext13                  text13       002934
__ptext14                  text14       0027DA
__ptext15                  text15       0022C0
__ptext16                  text16       002A56
__ptext17                  text17       001DC6
__ptext18                  text18       002B9C
__ptext19                  text19       0026C6
__ptext2                   text2        0010AC
__ptext20                  text20       0023B4
__ptext21                  text21       0028CC
__ptext22                  text22       002B48
__ptext23                  text23       002BE4
__ptext24                  text24       00249A
__ptext25                  text25       002B10
__ptext26                  text26       002580
__ptext27                  text27       002A96
__ptext28                  text28       002C38
__ptext29                  text29       002BC0
__ptext3                   text3        001790
__ptext30                  text30       00299A
__ptext31                  text31       002C22
__ptext4                   text4        002C04
__ptext5                   text5        001B80
__ptext6                   text6        002B76
__ptext7                   text7        0021CC
__ptext8                   text8        00285C
__ptext9                   text9        002756
__ramtop                   ramtop       001000
__size_of_Delay10KTCYx     (abs)        000000
__size_of_Init_IO          (abs)        000000
__size_of_OpenUSART        (abs)        000000
__size_of_USARTOut         (abs)        000000
__size_of_WriteUSART       (abs)        000000
__size_of___awdiv          (abs)        000000
__size_of___awmod          (abs)        000000
__size_of___awtoft         (abs)        000000
__size_of___ftadd          (abs)        000000
__size_of___ftdiv          (abs)        000000
__size_of___ftge           (abs)        000000
__size_of___ftmul          (abs)        000000
__size_of___ftneg          (abs)        000000
__size_of___ftpack         (abs)        000000
__size_of___ftsub          (abs)        000000
__size_of___fttol          (abs)        000000
__size_of___lldiv          (abs)        000000
__size_of___llmod          (abs)        000000
__size_of___lltoft         (abs)        000000
__size_of___wmul           (abs)        000000
__size_of__div_to_l_       (abs)        000000
__size_of__tdiv_to_l_      (abs)        000000
__size_of_dht22_inizialize (abs)        000000
__size_of_dht22_response   (abs)        000000
__size_of_fround           (abs)        000000
__size_of_isdigit          (abs)        000000
__size_of_main             (abs)        000000
__size_of_readValues       (abs)        000000
__size_of_read_data        (abs)        000000
__size_of_scale            (abs)        000000
__size_of_sprintf          (abs)        000000
__size_of_strlen           (abs)        000000
__smallconst               smallconst   001000
__tdiv_to_l_               text10       001F72
__tdiv_to_l_@cntr          cstackCOMRAM 00000E
__tdiv_to_l_@exp1          cstackCOMRAM 00000F
__tdiv_to_l_@f1            cstackCOMRAM 000001
__tdiv_to_l_@f2            cstackCOMRAM 000004
__tdiv_to_l_@quot          cstackCOMRAM 00000A
_dht22_inizialize          text23       002BE4
_dht22_response            text22       002B48
_dpowers                   smallconst   001001
_fround                    text5        001B80
_fround$1299               cstackCOMRAM 00002A
_fround$1300               cstackCOMRAM 000027
_isdigit                   text4        002C04
_isdigit$959               cstackCOMRAM 000002
_main                      text0        00262E
_readValues                text20       0023B4
_read_data                 text21       0028CC
_scale                     text3        001790
_scale$1301                cstackCOMRAM 000027
_sprintf                   text2        0010AC
_sprintf$1302              cstackCOMRAM 000050
_strlen                    text1        002AD6
dht22_response@res         cstackCOMRAM 000001
end_of_initialization      cinit        002C4C
fround@prec                cstackCOMRAM 00002D
intlevel0                  text         000000
intlevel1                  text         000000
intlevel2                  text         000000
intlevel3                  text         000000
isdigit@c                  cstackCOMRAM 000003
main@Text                  cstackBANK1  000100
main@sensor_values         cstackBANK1  000180
readValues@i               cstackCOMRAM 000026
readValues@reading         cstackCOMRAM 000021
readValues@sensor_data     cstackCOMRAM 00001C
readValues@status          cstackCOMRAM 000020
read_data@i                cstackCOMRAM 000003
read_data@j                cstackCOMRAM 000004
scale@scl                  cstackCOMRAM 00002A
sprintf@ap                 cstackCOMRAM 000053
sprintf@c                  cstackCOMRAM 000066
sprintf@exp                cstackCOMRAM 00005B
sprintf@f                  cstackCOMRAM 000042
sprintf@flag               cstackCOMRAM 000055
sprintf@fval               cstackCOMRAM 000063
sprintf@prec               cstackCOMRAM 000061
sprintf@sp                 cstackCOMRAM 000040
sprintf@tmpval             cstackCOMRAM 00005D
sprintf@val                cstackCOMRAM 000057
stackhi                    (abs)        000F7F
stacklo                    (abs)        000188
start                      init         000000
start_initialization       cinit        002C4A
strlen@cp                  cstackCOMRAM 000005
strlen@s                   cstackCOMRAM 000001


FUNCTION INFORMATION:

 *************** function _main *****************
 Defined at:
		line 95 in file "main.c"
 Parameters:    Size  Location     Type
		None
 Auto vars:     Size  Location     Type
  Text          128    0[BANK1 ] unsigned char [128]
  sensor_value    8  128[BANK1 ] struct .
 Return value:  Size  Location     Type
		None               void
 Registers used:
		wreg, fsr2l, fsr2h, status,2, status,0, tblptrl, tblptrh, tblptru, prodl, prodh, cstack
 Tracked objects:
		On entry : 
		On exit  : 
		Unchanged: 
 Data sizes:     COMRAM   BANK0   BANK1   BANK2   BANK3   BANK4   BANK5   BANK6   BANK7   BANK8   BANK9  BANK10  BANK11  BANK12  BANK13  BANK14  BANK15
      Params:         0       0       0       0       0       0       0       0       0       0       0       0       0       0       0       0       0
      Locals:         0       0     136       0       0       0       0       0       0       0       0       0       0       0       0       0       0
      Temps:          1       0       0       0       0       0       0       0       0       0       0       0       0       0       0       0       0
      Totals:         1       0     136       0       0       0       0       0       0       0       0       0       0       0       0       0       0
Total ram usage:      137 bytes
 Hardware stack levels required when called:    4
 This function calls:
		_Delay10KTCYx
		_Init_IO
		_USARTOut
		_readValues
		_sprintf
		_strlen
 This function is called by:
		Startup code after reset
 This function uses a non-reentrant model


 *************** function _strlen *****************
 Defined at:
		line 4 in file "C:\Program Files (x86)\Microchip\xc8\v1.35\sources\common\strlen.c"
 Parameters:    Size  Location     Type
  s               2    0[COMRAM] PTR const unsigned char 
		 -> main@Text(128), 
 Auto vars:     Size  Location     Type
  cp              2    4[COMRAM] PTR const unsigned char 
		 -> main@Text(128), 
 Return value:  Size  Location     Type
                  2    0[COMRAM] unsigned int 
 Registers used:
		wreg, fsr2l, fsr2h, status,2, status,0
 Tracked objects:
		On entry : 
		On exit  : 
		Unchanged: 
 Data sizes:     COMRAM   BANK0   BANK1   BANK2   BANK3   BANK4   BANK5   BANK6   BANK7   BANK8   BANK9  BANK10  BANK11  BANK12  BANK13  BANK14  BANK15
      Params:         2       0       0       0       0       0       0       0       0       0       0       0       0       0       0       0       0
      Locals:         2       0       0       0       0       0       0       0       0       0       0       0       0       0       0       0       0
      Temps:          2       0       0       0       0       0       0       0       0       0       0       0       0       0       0       0       0
      Totals:         6       0       0       0       0       0       0       0       0       0       0       0       0       0       0       0       0
Total ram usage:        6 bytes
 Hardware stack levels used:    1
 This function calls:
		Nothing
 This function is called by:
		_main
 This function uses a non-reentrant model


 *************** function _sprintf *****************
 Defined at:
		line 492 in file "C:\Program Files (x86)\Microchip\xc8\v1.35\sources\common\doprnt.c"
 Parameters:    Size  Location     Type
  sp              2   63[COMRAM] PTR unsigned char 
		 -> main@Text(128), 
  f               2   65[COMRAM] PTR const unsigned char 
		 -> STR_2(28), STR_1(23), 
 Auto vars:     Size  Location     Type
  tmpval          4   92[COMRAM] struct .
  val             4   86[COMRAM] unsigned long 
  fval            3   98[COMRAM] unsigned long 
  cp              3    0        PTR const unsigned char 
  prec            2   96[COMRAM] int 
  exp             2   90[COMRAM] int 
  flag            2   84[COMRAM] unsigned short 
  ap              2   82[COMRAM] PTR void [1]
		 -> ?_sprintf(2), 
  len             2    0        unsigned int 
  width           2    0        int 
  c               1  101[COMRAM] char 
  d               1    0        unsigned char 
 Return value:  Size  Location     Type
                  2   63[COMRAM] int 
 Registers used:
		wreg, fsr2l, fsr2h, status,2, status,0, tblptrl, tblptrh, tblptru, prodl, prodh, cstack
 Tracked objects:
		On entry : 
		On exit  : 
		Unchanged: 
 Data sizes:     COMRAM   BANK0   BANK1   BANK2   BANK3   BANK4   BANK5   BANK6   BANK7   BANK8   BANK9  BANK10  BANK11  BANK12  BANK13  BANK14  BANK15
      Params:        10       0       0       0       0       0       0       0       0       0       0       0       0       0       0       0       0
      Locals:        23       0       0       0       0       0       0       0       0       0       0       0       0       0       0       0       0
      Temps:          6       0       0       0       0       0       0       0       0       0       0       0       0       0       0       0       0
      Totals:        39       0       0       0       0       0       0       0       0       0       0       0       0       0       0       0       0
Total ram usage:       39 bytes
 Hardware stack levels used:    1
 Hardware stack levels required when called:    3
 This function calls:
		___awdiv
		___ftadd
		___ftge
		___ftmul
		___ftneg
		___ftsub
		___fttol
		___lldiv
		___llmod
		___lltoft
		___wmul
		__div_to_l_
		__tdiv_to_l_
		_fround
		_isdigit
		_scale
 This function is called by:
		_main
 This function uses a non-reentrant model


 *************** function _scale *****************
 Defined at:
		line 425 in file "C:\Program Files (x86)\Microchip\xc8\v1.35\sources\common\doprnt.c"
 Parameters:    Size  Location     Type
  scl             1    wreg     char 
 Auto vars:     Size  Location     Type
  scl             1   41[COMRAM] char 
 Return value:  Size  Location     Type
                  3   35[COMRAM] char 
 Registers used:
		wreg, status,2, status,0, tblptrl, tblptrh, tblptru, prodl, prodh, cstack
 Tracked objects:
		On entry : 
		On exit  : 
		Unchanged: 
 Data sizes:     COMRAM   BANK0   BANK1   BANK2   BANK3   BANK4   BANK5   BANK6   BANK7   BANK8   BANK9  BANK10  BANK11  BANK12  BANK13  BANK14  BANK15
      Params:         3       0       0       0       0       0       0       0       0       0       0       0       0       0       0       0       0
      Locals:         4       0       0       0       0       0       0       0       0       0       0       0       0       0       0       0       0
      Temps:          0       0       0       0       0       0       0       0       0       0       0       0       0       0       0       0       0
      Totals:         7       0       0       0       0       0       0       0       0       0       0       0       0       0       0       0       0
Total ram usage:        7 bytes
 Hardware stack levels used:    1
 Hardware stack levels required when called:    2
 This function calls:
		___awdiv
		___awmod
		___ftmul
		___wmul
 This function is called by:
		_sprintf
 This function uses a non-reentrant model


 *************** function _isdigit *****************
 Defined at:
		line 8 in file "C:\Program Files (x86)\Microchip\xc8\v1.35\sources\common\isdigit.c"
 Parameters:    Size  Location     Type
  c               1    wreg     unsigned char 
 Auto vars:     Size  Location     Type
  c               1    2[COMRAM] unsigned char 
 Return value:  Size  Location     Type
		None               void
 Registers used:
		wreg, status,2, status,0
 Tracked objects:
		On entry : 
		On exit  : 
		Unchanged: 
 Data sizes:     COMRAM   BANK0   BANK1   BANK2   BANK3   BANK4   BANK5   BANK6   BANK7   BANK8   BANK9  BANK10  BANK11  BANK12  BANK13  BANK14  BANK15
      Params:         0       0       0       0       0       0       0       0       0       0       0       0       0       0       0       0       0
      Locals:         2       0       0       0       0       0       0       0       0       0       0       0       0       0       0       0       0
      Temps:          1       0       0       0       0       0       0       0       0       0       0       0       0       0       0       0       0
      Totals:         3       0       0       0       0       0       0       0       0       0       0       0       0       0       0       0       0
Total ram usage:        3 bytes
 Hardware stack levels used:    1
 This function calls:
		Nothing
 This function is called by:
		_sprintf
 This function uses a non-reentrant model


 *************** function _fround *****************
 Defined at:
		line 409 in file "C:\Program Files (x86)\Microchip\xc8\v1.35\sources\common\doprnt.c"
 Parameters:    Size  Location     Type
  prec            1    wreg     unsigned char 
 Auto vars:     Size  Location     Type
  prec            1   44[COMRAM] unsigned char 
 Return value:  Size  Location     Type
                  3   35[COMRAM] unsigned char 
 Registers used:
		wreg, status,2, status,0, tblptrl, tblptrh, tblptru, prodl, prodh, cstack
 Tracked objects:
		On entry : 
		On exit  : 
		Unchanged: 
 Data sizes:     COMRAM   BANK0   BANK1   BANK2   BANK3   BANK4   BANK5   BANK6   BANK7   BANK8   BANK9  BANK10  BANK11  BANK12  BANK13  BANK14  BANK15
      Params:         3       0       0       0       0       0       0       0       0       0       0       0       0       0       0       0       0
      Locals:         7       0       0       0       0       0       0       0       0       0       0       0       0       0       0       0       0
      Temps:          0       0       0       0       0       0       0       0       0       0       0       0       0       0       0       0       0
      Totals:        10       0       0       0       0       0       0       0       0       0       0       0       0       0       0       0       0
Total ram usage:       10 bytes
 Hardware stack levels used:    1
 Hardware stack levels required when called:    2
 This function calls:
		___awdiv
		___awmod
		___ftmul
		___wmul
 This function is called by:
		_sprintf
 This function uses a non-reentrant model


 *************** function ___wmul *****************
 Defined at:
		line 15 in file "C:\Program Files (x86)\Microchip\xc8\v1.35\sources\common\Umul16.c"
 Parameters:    Size  Location     Type
  multiplier      2   14[COMRAM] unsigned int 
  multiplicand    2   16[COMRAM] unsigned int 
 Auto vars:     Size  Location     Type
  product         2   18[COMRAM] unsigned int 
 Return value:  Size  Location     Type
                  2   14[COMRAM] unsigned int 
 Registers used:
		wreg, status,2, status,0, prodl, prodh
 Tracked objects:
		On entry : 
		On exit  : 
		Unchanged: 
 Data sizes:     COMRAM   BANK0   BANK1   BANK2   BANK3   BANK4   BANK5   BANK6   BANK7   BANK8   BANK9  BANK10  BANK11  BANK12  BANK13  BANK14  BANK15
      Params:         4       0       0       0       0       0       0       0       0       0       0       0       0       0       0       0       0
      Locals:         2       0       0       0       0       0       0       0       0       0       0       0       0       0       0       0       0
      Temps:          0       0       0       0       0       0       0       0       0       0       0       0       0       0       0       0       0
      Totals:         6       0       0       0       0       0       0       0       0       0       0       0       0       0       0       0       0
Total ram usage:        6 bytes
 Hardware stack levels used:    1
 This function calls:
		Nothing
 This function is called by:
		_fround
		_scale
		_sprintf
 This function uses a non-reentrant model


 *************** function ___ftmul *****************
 Defined at:
		line 62 in file "C:\Program Files (x86)\Microchip\xc8\v1.35\sources\common\ftmul.c"
 Parameters:    Size  Location     Type
  f1              3   20[COMRAM] float 
  f2              3   23[COMRAM] float 
 Auto vars:     Size  Location     Type
  f3_as_produc    3   30[COMRAM] unsigned um
  sign            1   34[COMRAM] unsigned char 
  cntr            1   33[COMRAM] unsigned char 
  exp             1   29[COMRAM] unsigned char 
 Return value:  Size  Location     Type
                  3   20[COMRAM] float 
 Registers used:
		wreg, status,2, status,0, cstack
 Tracked objects:
		On entry : 
		On exit  : 
		Unchanged: 
 Data sizes:     COMRAM   BANK0   BANK1   BANK2   BANK3   BANK4   BANK5   BANK6   BANK7   BANK8   BANK9  BANK10  BANK11  BANK12  BANK13  BANK14  BANK15
      Params:         6       0       0       0       0       0       0       0       0       0       0       0       0       0       0       0       0
      Locals:         6       0       0       0       0       0       0       0       0       0       0       0       0       0       0       0       0
      Temps:          3       0       0       0       0       0       0       0       0       0       0       0       0       0       0       0       0
      Totals:        15       0       0       0       0       0       0       0       0       0       0       0       0       0       0       0       0
Total ram usage:       15 bytes
 Hardware stack levels used:    1
 Hardware stack levels required when called:    1
 This function calls:
		___ftpack
 This function is called by:
		_fround
		_scale
		_sprintf
 This function uses a non-reentrant model


 *************** function ___awmod *****************
 Defined at:
		line 8 in file "C:\Program Files (x86)\Microchip\xc8\v1.35\sources\common\awmod.c"
 Parameters:    Size  Location     Type
  dividend        2    0[COMRAM] int 
  divisor         2    2[COMRAM] int 
 Auto vars:     Size  Location     Type
  sign            1    5[COMRAM] unsigned char 
  counter         1    4[COMRAM] unsigned char 
 Return value:  Size  Location     Type
                  2    0[COMRAM] int 
 Registers used:
		wreg, status,2, status,0
 Tracked objects:
		On entry : 
		On exit  : 
		Unchanged: 
 Data sizes:     COMRAM   BANK0   BANK1   BANK2   BANK3   BANK4   BANK5   BANK6   BANK7   BANK8   BANK9  BANK10  BANK11  BANK12  BANK13  BANK14  BANK15
      Params:         4       0       0       0       0       0       0       0       0       0       0       0       0       0       0       0       0
      Locals:         2       0       0       0       0       0       0       0       0       0       0       0       0       0       0       0       0
      Temps:          0       0       0       0       0       0       0       0       0       0       0       0       0       0       0       0       0
      Totals:         6       0       0       0       0       0       0       0       0       0       0       0       0       0       0       0       0
Total ram usage:        6 bytes
 Hardware stack levels used:    1
 This function calls:
		Nothing
 This function is called by:
		_fround
		_scale
 This function uses a non-reentrant model


 *************** function ___awdiv *****************
 Defined at:
		line 8 in file "C:\Program Files (x86)\Microchip\xc8\v1.35\sources\common\awdiv.c"
 Parameters:    Size  Location     Type
  dividend        2    6[COMRAM] int 
  divisor         2    8[COMRAM] int 
 Auto vars:     Size  Location     Type
  quotient        2   12[COMRAM] int 
  sign            1   11[COMRAM] unsigned char 
  counter         1   10[COMRAM] unsigned char 
 Return value:  Size  Location     Type
                  2    6[COMRAM] int 
 Registers used:
		wreg, status,2, status,0
 Tracked objects:
		On entry : 
		On exit  : 
		Unchanged: 
 Data sizes:     COMRAM   BANK0   BANK1   BANK2   BANK3   BANK4   BANK5   BANK6   BANK7   BANK8   BANK9  BANK10  BANK11  BANK12  BANK13  BANK14  BANK15
      Params:         4       0       0       0       0       0       0       0       0       0       0       0       0       0       0       0       0
      Locals:         4       0       0       0       0       0       0       0       0       0       0       0       0       0       0       0       0
      Temps:          0       0       0       0       0       0       0       0       0       0       0       0       0       0       0       0       0
      Totals:         8       0       0       0       0       0       0       0       0       0       0       0       0       0       0       0       0
Total ram usage:        8 bytes
 Hardware stack levels used:    1
 This function calls:
		Nothing
 This function is called by:
		_fround
		_scale
		_sprintf
 This function uses a non-reentrant model


 *************** function __tdiv_to_l_ *****************
 Defined at:
		line 60 in file "C:\Program Files (x86)\Microchip\xc8\v1.35\sources\common\ftdivl.c"
 Parameters:    Size  Location     Type
  f1              3    0[COMRAM] float 
  f2              3    3[COMRAM] float 
 Auto vars:     Size  Location     Type
  quot            4    9[COMRAM] unsigned long 
  exp1            1   14[COMRAM] unsigned char 
  cntr            1   13[COMRAM] unsigned char 
 Return value:  Size  Location     Type
                  4    0[COMRAM] unsigned long 
 Registers used:
		wreg, status,2, status,0
 Tracked objects:
		On entry : 
		On exit  : 
		Unchanged: 
 Data sizes:     COMRAM   BANK0   BANK1   BANK2   BANK3   BANK4   BANK5   BANK6   BANK7   BANK8   BANK9  BANK10  BANK11  BANK12  BANK13  BANK14  BANK15
      Params:         6       0       0       0       0       0       0       0       0       0       0       0       0       0       0       0       0
      Locals:         6       0       0       0       0       0       0       0       0       0       0       0       0       0       0       0       0
      Temps:          3       0       0       0       0       0       0       0       0       0       0       0       0       0       0       0       0
      Totals:        15       0       0       0       0       0       0       0       0       0       0       0       0       0       0       0       0
Total ram usage:       15 bytes
 Hardware stack levels used:    1
 This function calls:
		Nothing
 This function is called by:
		_sprintf
 This function uses a non-reentrant model


 *************** function __div_to_l_ *****************
 Defined at:
		line 60 in file "C:\Program Files (x86)\Microchip\xc8\v1.35\sources\common\fldivl.c"
 Parameters:    Size  Location     Type
  f1              3    0[COMRAM] unsigned long 
  f2              3    3[COMRAM] unsigned long 
 Auto vars:     Size  Location     Type
  quot            4    6[COMRAM] unsigned long 
  exp1            1   11[COMRAM] unsigned char 
  cntr            1   10[COMRAM] unsigned char 
 Return value:  Size  Location     Type
                  4    0[COMRAM] unsigned long 
 Registers used:
		wreg, status,2, status,0
 Tracked objects:
		On entry : 
		On exit  : 
		Unchanged: 
 Data sizes:     COMRAM   BANK0   BANK1   BANK2   BANK3   BANK4   BANK5   BANK6   BANK7   BANK8   BANK9  BANK10  BANK11  BANK12  BANK13  BANK14  BANK15
      Params:         6       0       0       0       0       0       0       0       0       0       0       0       0       0       0       0       0
      Locals:         6       0       0       0       0       0       0       0       0       0       0       0       0       0       0       0       0
      Temps:          0       0       0       0       0       0       0       0       0       0       0       0       0       0       0       0       0
      Totals:        12       0       0       0       0       0       0       0       0       0       0       0       0       0       0       0       0
Total ram usage:       12 bytes
 Hardware stack levels used:    1
 This function calls:
		Nothing
 This function is called by:
		_sprintf
 This function uses a non-reentrant model


 *************** function ___lltoft *****************
 Defined at:
		line 35 in file "C:\Program Files (x86)\Microchip\xc8\v1.35\sources\common\lltoft.c"
 Parameters:    Size  Location     Type
  c               4    8[COMRAM] unsigned long 
 Auto vars:     Size  Location     Type
  exp             1   16[COMRAM] unsigned char 
 Return value:  Size  Location     Type
                  3    8[COMRAM] float 
 Registers used:
		wreg, status,2, status,0, cstack
 Tracked objects:
		On entry : 
		On exit  : 
		Unchanged: 
 Data sizes:     COMRAM   BANK0   BANK1   BANK2   BANK3   BANK4   BANK5   BANK6   BANK7   BANK8   BANK9  BANK10  BANK11  BANK12  BANK13  BANK14  BANK15
      Params:         4       0       0       0       0       0       0       0       0       0       0       0       0       0       0       0       0
      Locals:         1       0       0       0       0       0       0       0       0       0       0       0       0       0       0       0       0
      Temps:          4       0       0       0       0       0       0       0       0       0       0       0       0       0       0       0       0
      Totals:         9       0       0       0       0       0       0       0       0       0       0       0       0       0       0       0       0
Total ram usage:        9 bytes
 Hardware stack levels used:    1
 Hardware stack levels required when called:    1
 This function calls:
		___ftpack
 This function is called by:
		_sprintf
 This function uses a non-reentrant model


 *************** function ___llmod *****************
 Defined at:
		line 8 in file "C:\Program Files (x86)\Microchip\xc8\v1.35\sources\common\llmod.c"
 Parameters:    Size  Location     Type
  dividend        4    0[COMRAM] unsigned long 
  divisor         4    4[COMRAM] unsigned long 
 Auto vars:     Size  Location     Type
  counter         1    8[COMRAM] unsigned char 
 Return value:  Size  Location     Type
                  4    0[COMRAM] unsigned long 
 Registers used:
		wreg, status,2, status,0
 Tracked objects:
		On entry : 
		On exit  : 
		Unchanged: 
 Data sizes:     COMRAM   BANK0   BANK1   BANK2   BANK3   BANK4   BANK5   BANK6   BANK7   BANK8   BANK9  BANK10  BANK11  BANK12  BANK13  BANK14  BANK15
      Params:         8       0       0       0       0       0       0       0       0       0       0       0       0       0       0       0       0
      Locals:         1       0       0       0       0       0       0       0       0       0       0       0       0       0       0       0       0
      Temps:          0       0       0       0       0       0       0       0       0       0       0       0       0       0       0       0       0
      Totals:         9       0       0       0       0       0       0       0       0       0       0       0       0       0       0       0       0
Total ram usage:        9 bytes
 Hardware stack levels used:    1
 This function calls:
		Nothing
 This function is called by:
		_sprintf
 This function uses a non-reentrant model


 *************** function ___lldiv *****************
 Defined at:
		line 8 in file "C:\Program Files (x86)\Microchip\xc8\v1.35\sources\common\lldiv.c"
 Parameters:    Size  Location     Type
  dividend        4    0[COMRAM] unsigned long 
  divisor         4    4[COMRAM] unsigned long 
 Auto vars:     Size  Location     Type
  quotient        4    8[COMRAM] unsigned long 
  counter         1   12[COMRAM] unsigned char 
 Return value:  Size  Location     Type
                  4    0[COMRAM] unsigned long 
 Registers used:
		wreg, status,2, status,0
 Tracked objects:
		On entry : 
		On exit  : 
		Unchanged: 
 Data sizes:     COMRAM   BANK0   BANK1   BANK2   BANK3   BANK4   BANK5   BANK6   BANK7   BANK8   BANK9  BANK10  BANK11  BANK12  BANK13  BANK14  BANK15
      Params:         8       0       0       0       0       0       0       0       0       0       0       0       0       0       0       0       0
      Locals:         5       0       0       0       0       0       0       0       0       0       0       0       0       0       0       0       0
      Temps:          0       0       0       0       0       0       0       0       0       0       0       0       0       0       0       0       0
      Totals:        13       0       0       0       0       0       0       0       0       0       0       0       0       0       0       0       0
Total ram usage:       13 bytes
 Hardware stack levels used:    1
 This function calls:
		Nothing
 This function is called by:
		_sprintf
 This function uses a non-reentrant model


 *************** function ___fttol *****************
 Defined at:
		line 44 in file "C:\Program Files (x86)\Microchip\xc8\v1.35\sources\common\fttol.c"
 Parameters:    Size  Location     Type
  f1              3   42[COMRAM] float 
 Auto vars:     Size  Location     Type
  lval            4   52[COMRAM] unsigned long 
  exp1            1   56[COMRAM] unsigned char 
  sign1           1   51[COMRAM] unsigned char 
 Return value:  Size  Location     Type
                  4   42[COMRAM] long 
 Registers used:
		wreg, status,2, status,0
 Tracked objects:
		On entry : 
		On exit  : 
		Unchanged: 
 Data sizes:     COMRAM   BANK0   BANK1   BANK2   BANK3   BANK4   BANK5   BANK6   BANK7   BANK8   BANK9  BANK10  BANK11  BANK12  BANK13  BANK14  BANK15
      Params:         4       0       0       0       0       0       0       0       0       0       0       0       0       0       0       0       0
      Locals:         6       0       0       0       0       0       0       0       0       0       0       0       0       0       0       0       0
      Temps:          5       0       0       0       0       0       0       0       0       0       0       0       0       0       0       0       0
      Totals:        15       0       0       0       0       0       0       0       0       0       0       0       0       0       0       0       0
Total ram usage:       15 bytes
 Hardware stack levels used:    1
 This function calls:
		Nothing
 This function is called by:
		_sprintf
 This function uses a non-reentrant model


 *************** function ___ftsub *****************
 Defined at:
		line 20 in file "C:\Program Files (x86)\Microchip\xc8\v1.35\sources\common\ftsub.c"
 Parameters:    Size  Location     Type
  f1              3   57[COMRAM] float 
  f2              3   60[COMRAM] float 
 Auto vars:     Size  Location     Type
		None
 Return value:  Size  Location     Type
                  3   57[COMRAM] float 
 Registers used:
		wreg, status,2, status,0, cstack
 Tracked objects:
		On entry : 
		On exit  : 
		Unchanged: 
 Data sizes:     COMRAM   BANK0   BANK1   BANK2   BANK3   BANK4   BANK5   BANK6   BANK7   BANK8   BANK9  BANK10  BANK11  BANK12  BANK13  BANK14  BANK15
      Params:         6       0       0       0       0       0       0       0       0       0       0       0       0       0       0       0       0
      Locals:         0       0       0       0       0       0       0       0       0       0       0       0       0       0       0       0       0
      Temps:          0       0       0       0       0       0       0       0       0       0       0       0       0       0       0       0       0
      Totals:         6       0       0       0       0       0       0       0       0       0       0       0       0       0       0       0       0
Total ram usage:        6 bytes
 Hardware stack levels used:    1
 Hardware stack levels required when called:    2
 This function calls:
		___ftadd
 This function is called by:
		_sprintf
 This function uses a non-reentrant model


 *************** function ___ftadd *****************
 Defined at:
		line 86 in file "C:\Program Files (x86)\Microchip\xc8\v1.35\sources\common\ftadd.c"
 Parameters:    Size  Location     Type
  f1              3   45[COMRAM] float 
  f2              3   48[COMRAM] float 
 Auto vars:     Size  Location     Type
  exp1            1   56[COMRAM] unsigned char 
  exp2            1   55[COMRAM] unsigned char 
  sign            1   54[COMRAM] unsigned char 
 Return value:  Size  Location     Type
                  3   45[COMRAM] float 
 Registers used:
		wreg, status,2, status,0, cstack
 Tracked objects:
		On entry : 
		On exit  : 
		Unchanged: 
 Data sizes:     COMRAM   BANK0   BANK1   BANK2   BANK3   BANK4   BANK5   BANK6   BANK7   BANK8   BANK9  BANK10  BANK11  BANK12  BANK13  BANK14  BANK15
      Params:         6       0       0       0       0       0       0       0       0       0       0       0       0       0       0       0       0
      Locals:         3       0       0       0       0       0       0       0       0       0       0       0       0       0       0       0       0
      Temps:          3       0       0       0       0       0       0       0       0       0       0       0       0       0       0       0       0
      Totals:        12       0       0       0       0       0       0       0       0       0       0       0       0       0       0       0       0
Total ram usage:       12 bytes
 Hardware stack levels used:    1
 Hardware stack levels required when called:    1
 This function calls:
		___ftpack
 This function is called by:
		_sprintf
		___ftsub
 This function uses a non-reentrant model


 *************** function ___ftneg *****************
 Defined at:
		line 15 in file "C:\Program Files (x86)\Microchip\xc8\v1.35\sources\common\ftneg.c"
 Parameters:    Size  Location     Type
  f1              3    0[COMRAM] float 
 Auto vars:     Size  Location     Type
		None
 Return value:  Size  Location     Type
                  3    0[COMRAM] float 
 Registers used:
		wreg, status,2, status,0
 Tracked objects:
		On entry : 
		On exit  : 
		Unchanged: 
 Data sizes:     COMRAM   BANK0   BANK1   BANK2   BANK3   BANK4   BANK5   BANK6   BANK7   BANK8   BANK9  BANK10  BANK11  BANK12  BANK13  BANK14  BANK15
      Params:         3       0       0       0       0       0       0       0       0       0       0       0       0       0       0       0       0
      Locals:         0       0       0       0       0       0       0       0       0       0       0       0       0       0       0       0       0
      Temps:          0       0       0       0       0       0       0       0       0       0       0       0       0       0       0       0       0
      Totals:         3       0       0       0       0       0       0       0       0       0       0       0       0       0       0       0       0
Total ram usage:        3 bytes
 Hardware stack levels used:    1
 This function calls:
		Nothing
 This function is called by:
		_sprintf
 This function uses a non-reentrant model


 *************** function ___ftge *****************
 Defined at:
		line 4 in file "C:\Program Files (x86)\Microchip\xc8\v1.35\sources\common\ftge.c"
 Parameters:    Size  Location     Type
  ff1             3    0[COMRAM] float 
  ff2             3    3[COMRAM] float 
 Auto vars:     Size  Location     Type
		None
 Return value:  Size  Location     Type
		None               void
 Registers used:
		wreg, status,2, status,0
 Tracked objects:
		On entry : 
		On exit  : 
		Unchanged: 
 Data sizes:     COMRAM   BANK0   BANK1   BANK2   BANK3   BANK4   BANK5   BANK6   BANK7   BANK8   BANK9  BANK10  BANK11  BANK12  BANK13  BANK14  BANK15
      Params:         6       0       0       0       0       0       0       0       0       0       0       0       0       0       0       0       0
      Locals:         0       0       0       0       0       0       0       0       0       0       0       0       0       0       0       0       0
      Temps:          3       0       0       0       0       0       0       0       0       0       0       0       0       0       0       0       0
      Totals:         9       0       0       0       0       0       0       0       0       0       0       0       0       0       0       0       0
Total ram usage:        9 bytes
 Hardware stack levels used:    1
 This function calls:
		Nothing
 This function is called by:
		_sprintf
 This function uses a non-reentrant model


 *************** function _readValues *****************
 Defined at:
		line 64 in file "dht22.c"
 Parameters:    Size  Location     Type
  sensor_data     2   27[COMRAM] PTR struct .
		 -> main@sensor_values(8), 
 Auto vars:     Size  Location     Type
  i               2   37[COMRAM] int 
  reading         5   32[COMRAM] unsigned char [5]
  status          1   31[COMRAM] unsigned char 
 Return value:  Size  Location     Type
                  1    wreg      unsigned char 
 Registers used:
		wreg, fsr2l, fsr2h, status,2, status,0, cstack
 Tracked objects:
		On entry : 
		On exit  : 
		Unchanged: 
 Data sizes:     COMRAM   BANK0   BANK1   BANK2   BANK3   BANK4   BANK5   BANK6   BANK7   BANK8   BANK9  BANK10  BANK11  BANK12  BANK13  BANK14  BANK15
      Params:         2       0       0       0       0       0       0       0       0       0       0       0       0       0       0       0       0
      Locals:         8       0       0       0       0       0       0       0       0       0       0       0       0       0       0       0       0
      Temps:          2       0       0       0       0       0       0       0       0       0       0       0       0       0       0       0       0
      Totals:        12       0       0       0       0       0       0       0       0       0       0       0       0       0       0       0       0
Total ram usage:       12 bytes
 Hardware stack levels used:    1
 Hardware stack levels required when called:    2
 This function calls:
		___awtoft
		___ftdiv
		_dht22_inizialize
		_dht22_response
		_read_data
 This function is called by:
		_main
 This function uses a non-reentrant model


 *************** function _read_data *****************
 Defined at:
		line 39 in file "dht22.c"
 Parameters:    Size  Location     Type
		None
 Auto vars:     Size  Location     Type
  j               1    3[COMRAM] unsigned char 
  i               1    2[COMRAM] unsigned char 
 Return value:  Size  Location     Type
                  1    wreg      unsigned char 
 Registers used:
		wreg, status,2, status,0
 Tracked objects:
		On entry : 
		On exit  : 
		Unchanged: 
 Data sizes:     COMRAM   BANK0   BANK1   BANK2   BANK3   BANK4   BANK5   BANK6   BANK7   BANK8   BANK9  BANK10  BANK11  BANK12  BANK13  BANK14  BANK15
      Params:         0       0       0       0       0       0       0       0       0       0       0       0       0       0       0       0       0
      Locals:         2       0       0       0       0       0       0       0       0       0       0       0       0       0       0       0       0
      Temps:          2       0       0       0       0       0       0       0       0       0       0       0       0       0       0       0       0
      Totals:         4       0       0       0       0       0       0       0       0       0       0       0       0       0       0       0       0
Total ram usage:        4 bytes
 Hardware stack levels used:    1
 This function calls:
		Nothing
 This function is called by:
		_readValues
 This function uses a non-reentrant model


 *************** function _dht22_response *****************
 Defined at:
		line 20 in file "dht22.c"
 Parameters:    Size  Location     Type
		None
 Auto vars:     Size  Location     Type
  res             1    0[COMRAM] unsigned char 
 Return value:  Size  Location     Type
                  1    wreg      unsigned char 
 Registers used:
		wreg, status,2
 Tracked objects:
		On entry : 
		On exit  : 
		Unchanged: 
 Data sizes:     COMRAM   BANK0   BANK1   BANK2   BANK3   BANK4   BANK5   BANK6   BANK7   BANK8   BANK9  BANK10  BANK11  BANK12  BANK13  BANK14  BANK15
      Params:         0       0       0       0       0       0       0       0       0       0       0       0       0       0       0       0       0
      Locals:         1       0       0       0       0       0       0       0       0       0       0       0       0       0       0       0       0
      Temps:          0       0       0       0       0       0       0       0       0       0       0       0       0       0       0       0       0
      Totals:         1       0       0       0       0       0       0       0       0       0       0       0       0       0       0       0       0
Total ram usage:        1 bytes
 Hardware stack levels used:    1
 This function calls:
		Nothing
 This function is called by:
		_readValues
 This function uses a non-reentrant model


 *************** function _dht22_inizialize *****************
 Defined at:
		line 4 in file "dht22.c"
 Parameters:    Size  Location     Type
		None
 Auto vars:     Size  Location     Type
		None
 Return value:  Size  Location     Type
		None               void
 Registers used:
		wreg
 Tracked objects:
		On entry : 
		On exit  : 
		Unchanged: 
 Data sizes:     COMRAM   BANK0   BANK1   BANK2   BANK3   BANK4   BANK5   BANK6   BANK7   BANK8   BANK9  BANK10  BANK11  BANK12  BANK13  BANK14  BANK15
      Params:         0       0       0       0       0       0       0       0       0       0       0       0       0       0       0       0       0
      Locals:         0       0       0       0       0       0       0       0       0       0       0       0       0       0       0       0       0
      Temps:          1       0       0       0       0       0       0       0       0       0       0       0       0       0       0       0       0
      Totals:         1       0       0       0       0       0       0       0       0       0       0       0       0       0       0       0       0
Total ram usage:        1 bytes
 Hardware stack levels used:    1
 This function calls:
		Nothing
 This function is called by:
		_readValues
 This function uses a non-reentrant model


 *************** function ___ftdiv *****************
 Defined at:
		line 54 in file "C:\Program Files (x86)\Microchip\xc8\v1.35\sources\common\ftdiv.c"
 Parameters:    Size  Location     Type
  f1              3   12[COMRAM] float 
  f2              3   15[COMRAM] float 
 Auto vars:     Size  Location     Type
  f3              3   22[COMRAM] float 
  sign            1   26[COMRAM] unsigned char 
  exp             1   25[COMRAM] unsigned char 
  cntr            1   21[COMRAM] unsigned char 
 Return value:  Size  Location     Type
                  3   12[COMRAM] float 
 Registers used:
		wreg, status,2, status,0, cstack
 Tracked objects:
		On entry : 
		On exit  : 
		Unchanged: 
 Data sizes:     COMRAM   BANK0   BANK1   BANK2   BANK3   BANK4   BANK5   BANK6   BANK7   BANK8   BANK9  BANK10  BANK11  BANK12  BANK13  BANK14  BANK15
      Params:         6       0       0       0       0       0       0       0       0       0       0       0       0       0       0       0       0
      Locals:         6       0       0       0       0       0       0       0       0       0       0       0       0       0       0       0       0
      Temps:          3       0       0       0       0       0       0       0       0       0       0       0       0       0       0       0       0
      Totals:        15       0       0       0       0       0       0       0       0       0       0       0       0       0       0       0       0
Total ram usage:       15 bytes
 Hardware stack levels used:    1
 Hardware stack levels required when called:    1
 This function calls:
		___ftpack
 This function is called by:
		_readValues
 This function uses a non-reentrant model


 *************** function ___awtoft *****************
 Defined at:
		line 32 in file "C:\Program Files (x86)\Microchip\xc8\v1.35\sources\common\awtoft.c"
 Parameters:    Size  Location     Type
  c               2    8[COMRAM] int 
 Auto vars:     Size  Location     Type
  sign            1   11[COMRAM] unsigned char 
 Return value:  Size  Location     Type
                  3    8[COMRAM] float 
 Registers used:
		wreg, status,2, status,0, cstack
 Tracked objects:
		On entry : 
		On exit  : 
		Unchanged: 
 Data sizes:     COMRAM   BANK0   BANK1   BANK2   BANK3   BANK4   BANK5   BANK6   BANK7   BANK8   BANK9  BANK10  BANK11  BANK12  BANK13  BANK14  BANK15
      Params:         3       0       0       0       0       0       0       0       0       0       0       0       0       0       0       0       0
      Locals:         1       0       0       0       0       0       0       0       0       0       0       0       0       0       0       0       0
      Temps:          0       0       0       0       0       0       0       0       0       0       0       0       0       0       0       0       0
      Totals:         4       0       0       0       0       0       0       0       0       0       0       0       0       0       0       0       0
Total ram usage:        4 bytes
 Hardware stack levels used:    1
 Hardware stack levels required when called:    1
 This function calls:
		___ftpack
 This function is called by:
		_readValues
 This function uses a non-reentrant model


 *************** function ___ftpack *****************
 Defined at:
		line 62 in file "C:\Program Files (x86)\Microchip\xc8\v1.35\sources\common\float.c"
 Parameters:    Size  Location     Type
  arg             3    0[COMRAM] unsigned um
  exp             1    3[COMRAM] unsigned char 
  sign            1    4[COMRAM] unsigned char 
 Auto vars:     Size  Location     Type
		None
 Return value:  Size  Location     Type
                  3    0[COMRAM] float 
 Registers used:
		wreg, status,2, status,0
 Tracked objects:
		On entry : 
		On exit  : 
		Unchanged: 
 Data sizes:     COMRAM   BANK0   BANK1   BANK2   BANK3   BANK4   BANK5   BANK6   BANK7   BANK8   BANK9  BANK10  BANK11  BANK12  BANK13  BANK14  BANK15
      Params:         5       0       0       0       0       0       0       0       0       0       0       0       0       0       0       0       0
      Locals:         0       0       0       0       0       0       0       0       0       0       0       0       0       0       0       0       0
      Temps:          3       0       0       0       0       0       0       0       0       0       0       0       0       0       0       0       0
      Totals:         8       0       0       0       0       0       0       0       0       0       0       0       0       0       0       0       0
Total ram usage:        8 bytes
 Hardware stack levels used:    1
 This function calls:
		Nothing
 This function is called by:
		___awtoft
		___ftadd
		___ftdiv
		___ftmul
		___lltoft
 This function uses a non-reentrant model


 *************** function _USARTOut *****************
 Defined at:
		line 88 in file "main.c"
 Parameters:    Size  Location     Type
  data            2    6[COMRAM] PTR unsigned char 
		 -> main@Text(128), 
  bytes           1    8[COMRAM] unsigned char 
 Auto vars:     Size  Location     Type
  i               2   12[COMRAM] int 
 Return value:  Size  Location     Type
		None               void
 Registers used:
		wreg, fsr2l, fsr2h, status,2, status,0, cstack
 Tracked objects:
		On entry : 
		On exit  : 
		Unchanged: 
 Data sizes:     COMRAM   BANK0   BANK1   BANK2   BANK3   BANK4   BANK5   BANK6   BANK7   BANK8   BANK9  BANK10  BANK11  BANK12  BANK13  BANK14  BANK15
      Params:         3       0       0       0       0       0       0       0       0       0       0       0       0       0       0       0       0
      Locals:         2       0       0       0       0       0       0       0       0       0       0       0       0       0       0       0       0
      Temps:          3       0       0       0       0       0       0       0       0       0       0       0       0       0       0       0       0
      Totals:         8       0       0       0       0       0       0       0       0       0       0       0       0       0       0       0       0
Total ram usage:        8 bytes
 Hardware stack levels used:    1
 Hardware stack levels required when called:    1
 This function calls:
		_WriteUSART
 This function is called by:
		_main
 This function uses a non-reentrant model


 *************** function _WriteUSART *****************
 Defined at:
		line 13 in file "C:\Program Files (x86)\Microchip\xc8\v1.35\sources\pic18\plib\USART\uwrite.c"
 Parameters:    Size  Location     Type
  data            1    wreg     unsigned char 
 Auto vars:     Size  Location     Type
  data            1    0[COMRAM] unsigned char 
 Return value:  Size  Location     Type
		None               void
 Registers used:
		wreg
 Tracked objects:
		On entry : 
		On exit  : 
		Unchanged: 
 Data sizes:     COMRAM   BANK0   BANK1   BANK2   BANK3   BANK4   BANK5   BANK6   BANK7   BANK8   BANK9  BANK10  BANK11  BANK12  BANK13  BANK14  BANK15
      Params:         0       0       0       0       0       0       0       0       0       0       0       0       0       0       0       0       0
      Locals:         1       0       0       0       0       0       0       0       0       0       0       0       0       0       0       0       0
      Temps:          0       0       0       0       0       0       0       0       0       0       0       0       0       0       0       0       0
      Totals:         1       0       0       0       0       0       0       0       0       0       0       0       0       0       0       0       0
Total ram usage:        1 bytes
 Hardware stack levels used:    1
 This function calls:
		Nothing
 This function is called by:
		_USARTOut
 This function uses a non-reentrant model


 *************** function _Init_IO *****************
 Defined at:
		line 73 in file "main.c"
 Parameters:    Size  Location     Type
		None
 Auto vars:     Size  Location     Type
		None
 Return value:  Size  Location     Type
		None               void
 Registers used:
		wreg, status,2, cstack
 Tracked objects:
		On entry : 
		On exit  : 
		Unchanged: 
 Data sizes:     COMRAM   BANK0   BANK1   BANK2   BANK3   BANK4   BANK5   BANK6   BANK7   BANK8   BANK9  BANK10  BANK11  BANK12  BANK13  BANK14  BANK15
      Params:         0       0       0       0       0       0       0       0       0       0       0       0       0       0       0       0       0
      Locals:         0       0       0       0       0       0       0       0       0       0       0       0       0       0       0       0       0
      Temps:          0       0       0       0       0       0       0       0       0       0       0       0       0       0       0       0       0
      Totals:         0       0       0       0       0       0       0       0       0       0       0       0       0       0       0       0       0
Total ram usage:        0 bytes
 Hardware stack levels used:    1
 Hardware stack levels required when called:    1
 This function calls:
		_OpenUSART
 This function is called by:
		_main
 This function uses a non-reentrant model


 *************** function _OpenUSART *****************
 Defined at:
		line 73 in file "C:\Program Files (x86)\Microchip\xc8\v1.35\sources\pic18\plib\USART\uopen.c"
 Parameters:    Size  Location     Type
  config          1    wreg     unsigned char 
  spbrg           2    0[COMRAM] unsigned int 
 Auto vars:     Size  Location     Type
  config          1    2[COMRAM] unsigned char 
 Return value:  Size  Location     Type
		None               void
 Registers used:
		wreg, status,2
 Tracked objects:
		On entry : 
		On exit  : 
		Unchanged: 
 Data sizes:     COMRAM   BANK0   BANK1   BANK2   BANK3   BANK4   BANK5   BANK6   BANK7   BANK8   BANK9  BANK10  BANK11  BANK12  BANK13  BANK14  BANK15
      Params:         2       0       0       0       0       0       0       0       0       0       0       0       0       0       0       0       0
      Locals:         1       0       0       0       0       0       0       0       0       0       0       0       0       0       0       0       0
      Temps:          0       0       0       0       0       0       0       0       0       0       0       0       0       0       0       0       0
      Totals:         3       0       0       0       0       0       0       0       0       0       0       0       0       0       0       0       0
Total ram usage:        3 bytes
 Hardware stack levels used:    1
 This function calls:
		Nothing
 This function is called by:
		_Init_IO
 This function uses a non-reentrant model


 *************** function _Delay10KTCYx *****************
 Defined at:
		line 8 in file "C:\Program Files (x86)\Microchip\xc8\v1.35\sources\pic18\d10ktcyx.c"
 Parameters:    Size  Location     Type
  unit            1    wreg     unsigned char 
 Auto vars:     Size  Location     Type
  unit            1    1[COMRAM] unsigned char 
 Return value:  Size  Location     Type
		None               void
 Registers used:
		wreg
 Tracked objects:
		On entry : 
		On exit  : 
		Unchanged: 
 Data sizes:     COMRAM   BANK0   BANK1   BANK2   BANK3   BANK4   BANK5   BANK6   BANK7   BANK8   BANK9  BANK10  BANK11  BANK12  BANK13  BANK14  BANK15
      Params:         0       0       0       0       0       0       0       0       0       0       0       0       0       0       0       0       0
      Locals:         1       0       0       0       0       0       0       0       0       0       0       0       0       0       0       0       0
      Temps:          1       0       0       0       0       0       0       0       0       0       0       0       0       0       0       0       0
      Totals:         2       0       0       0       0       0       0       0       0       0       0       0       0       0       0       0       0
Total ram usage:        2 bytes
 Hardware stack levels used:    1
 This function calls:
		Nothing
 This function is called by:
		_main
 This function uses a non-reentrant model



MODULE INFORMATION

Module		Function		Class		Link	Load	Size
C:\Program Files (x86)\Microchip\xc8\v1.35\sources\pic18\plib\USART\uopen.c
		_OpenUSART     		CODE           	299A	0000	97

C:\Program Files (x86)\Microchip\xc8\v1.35\sources\pic18\plib\USART\uopen.c estimated size: 97

C:\Program Files (x86)\Microchip\xc8\v1.35\sources\common\awdiv.c
		___awdiv       		CODE           	2756	0000	133

C:\Program Files (x86)\Microchip\xc8\v1.35\sources\common\awdiv.c estimated size: 133

C:\Program Files (x86)\Microchip\xc8\v1.35\sources\common\ftadd.c
		___ftadd       		CODE           	1DC6	0000	429

C:\Program Files (x86)\Microchip\xc8\v1.35\sources\common\ftadd.c estimated size: 429

C:\Program Files (x86)\Microchip\xc8\v1.35\sources\common\isdigit.c
		_isdigit       		CODE           	2C04	0000	31

C:\Program Files (x86)\Microchip\xc8\v1.35\sources\common\isdigit.c estimated size: 31

C:\Program Files (x86)\Microchip\xc8\v1.35\sources\common\ftge.c
		___ftge        		CODE           	26C6	0000	145

C:\Program Files (x86)\Microchip\xc8\v1.35\sources\common\ftge.c estimated size: 145

C:\Program Files (x86)\Microchip\xc8\v1.35\sources\common\strlen.c
		_strlen        		CODE           	2AD6	0000	59

C:\Program Files (x86)\Microchip\xc8\v1.35\sources\common\strlen.c estimated size: 59

C:\Program Files (x86)\Microchip\xc8\v1.35\sources\common\ftneg.c
		___ftneg       		CODE           	2B9C	0000	37

C:\Program Files (x86)\Microchip\xc8\v1.35\sources\common\ftneg.c estimated size: 37

C:\Program Files (x86)\Microchip\xc8\v1.35\sources\common\awtoft.c
		___awtoft      		CODE           	2B10	0000	57

C:\Program Files (x86)\Microchip\xc8\v1.35\sources\common\awtoft.c estimated size: 57

C:\Program Files (x86)\Microchip\xc8\v1.35\sources\common\ftsub.c
		___ftsub       		CODE           	2A56	0000	65

C:\Program Files (x86)\Microchip\xc8\v1.35\sources\common\ftsub.c estimated size: 65

C:\Program Files (x86)\Microchip\xc8\v1.35\sources\common\float.c
		___ftpack      		CODE           	2580	0000	175

C:\Program Files (x86)\Microchip\xc8\v1.35\sources\common\float.c estimated size: 175

C:\Program Files (x86)\Microchip\xc8\v1.35\sources\common\doprnt.c
		_scale         		CODE           	1790	0000	1009
		_sprintf       		CODE           	10AC	0000	1765
		_fround        		CODE           	1B80	0000	583

C:\Program Files (x86)\Microchip\xc8\v1.35\sources\common\doprnt.c estimated size: 3357

C:\Program Files (x86)\Microchip\xc8\v1.35\sources\common\llmod.c
		___llmod       		CODE           	2934	0000	103

C:\Program Files (x86)\Microchip\xc8\v1.35\sources\common\llmod.c estimated size: 103

C:\Program Files (x86)\Microchip\xc8\v1.35\sources\common\lltoft.c
		___lltoft      		CODE           	29FA	0000	93

C:\Program Files (x86)\Microchip\xc8\v1.35\sources\common\lltoft.c estimated size: 93

shared
		__powers_      		SMALLCONST     	1050	0000	40
		_dpowers       		SMALLCONST     	1001	0000	41
		__npowers_     		SMALLCONST     	1029	0000	40
		__initialization		CODE           	2C4A	0000	3

shared estimated size: 124

C:\Program Files (x86)\Microchip\xc8\v1.35\sources\pic18\plib\USART\uwrite.c
		_WriteUSART    		CODE           	2C38	0000	19

C:\Program Files (x86)\Microchip\xc8\v1.35\sources\pic18\plib\USART\uwrite.c estimated size: 19

C:\Program Files (x86)\Microchip\xc8\v1.35\sources\common\ftmul.c
		___ftmul       		CODE           	21CC	0000	245

C:\Program Files (x86)\Microchip\xc8\v1.35\sources\common\ftmul.c estimated size: 245

C:\Program Files (x86)\Microchip\xc8\v1.35\sources\common\awmod.c
		___awmod       		CODE           	285C	0000	113

C:\Program Files (x86)\Microchip\xc8\v1.35\sources\common\awmod.c estimated size: 113

C:\Program Files (x86)\Microchip\xc8\v1.35\sources\pic18\d10ktcyx.c
		_Delay10KTCYx  		CODE           	2C22	0000	23

C:\Program Files (x86)\Microchip\xc8\v1.35\sources\pic18\d10ktcyx.c estimated size: 23

C:\Program Files (x86)\Microchip\xc8\v1.35\sources\common\ftdiv.c
		___ftdiv       		CODE           	249A	0000	231

C:\Program Files (x86)\Microchip\xc8\v1.35\sources\common\ftdiv.c estimated size: 231

C:\Program Files (x86)\Microchip\xc8\v1.35\sources\common\ftdivl.c
		__tdiv_to_l_   		CODE           	1F72	0000	307

C:\Program Files (x86)\Microchip\xc8\v1.35\sources\common\ftdivl.c estimated size: 307

C:\Program Files (x86)\Microchip\xc8\v1.35\sources\common\Umul16.c
		___wmul        		CODE           	2B76	0000	39

C:\Program Files (x86)\Microchip\xc8\v1.35\sources\common\Umul16.c estimated size: 39

C:\Program Files (x86)\Microchip\xc8\v1.35\sources\common\lldiv.c
		___lldiv       		CODE           	27DA	0000	131

C:\Program Files (x86)\Microchip\xc8\v1.35\sources\common\lldiv.c estimated size: 131

main.c
		_main          		CODE           	262E	0000	153
		_Init_IO       		CODE           	2BC0	0000	37
		_USARTOut      		CODE           	2A96	0000	65

main.c estimated size: 255

dht22.c
		_dht22_inizialize		CODE           	2BE4	0000	33
		_dht22_response		CODE           	2B48	0000	47
		_readValues    		CODE           	23B4	0000	231
		_read_data     		CODE           	28CC	0000	105

dht22.c estimated size: 416

C:\Program Files (x86)\Microchip\xc8\v1.35\sources\common\fldivl.c
		__div_to_l_    		CODE           	20A4	0000	297

C:\Program Files (x86)\Microchip\xc8\v1.35\sources\common\fldivl.c estimated size: 297

C:\Program Files (x86)\Microchip\xc8\v1.35\sources\common\fttol.c
		___fttol       		CODE           	22C0	0000	245

C:\Program Files (x86)\Microchip\xc8\v1.35\sources\common\fttol.c estimated size: 245

